[{'name': 'Approximant Elision', 'description': 'Placeless approximants are lost between vowels.', 'before': {'positive': ['syllabic']}, 'after': {'positive': ['syllabic']}, 'conditions': {'positive': ['spreadglottis', 'continuant'], 'negative': ['consonantal']}, 'applies': {'positive': ['deletion']}}, {'name': 'Unrounding', 'description': 'Rounded vowels are unrounded at the end of words.', 'last': True, 'conditions': {'positive': ['syllabic', 'round', 'labial']}, 'applies': {'negative': ['round', 'labial']}}, {'name': 'Devoicing', 'description': 'Voiced plosives become unvoiced at the end of words.', 'last': True, 'conditions': {'positive': ['consonantal', 'voice'], 'negative': ['continuant', 'delayedrelease', 'sonorant']}, 'applies': {'negative': ['voice']}}, {'name': 'Glottalization', 'description': 'Plosives become glottalized at the end of words.', 'last': True, 'conditions': {'positive': ['consonantal'], 'negative': ['continuant', 'delayedrelease', 'sonorant', 'constrictedglottis']}, 'applies': {'positive': ['constrictedglottis']}}, {'name': 'Flapping', 'description': 'Alveolar plosives become flapped between vowels.', 'conditions': {'positive': ['anterior', 'consonantal', 'coronal'], 'negative': ['distributed', 'continuant', 'delayedrelease', 'sonorant']}, 'applies': {'positive': ['tap', 'sonorant', 'continuant', 'approximant']}, 'before': {'positive': ['syllabic']}, 'after': {'positive': ['syllabic']}}, {'name': 'Vocalization', 'description': 'Semivowels become vowels after consonants.', 'before': {'positive': ['consonantal']}, 'conditions': {'positive': ['dorsal', 'sonorant', 'approximant'], 'negative': ['consonantal', 'syllabic']}, 'applies': {'positive': ['syllabic']}}, {'name': 'Rounding', 'description': 'Unrounded vowels are rounded after labialised consonants.', 'conditions': {'positive': ['syllabic'], 'negative': ['round']}, 'before': {'positive': ['round']}, 'applies': {'positive': ['round', 'labial']}}, {'name': 'Approximation', 'description': 'Voiced continuants become approximants between vowels.', 'before': {'positive': ['syllabic']}, 'after': {'positive': ['syllabic']}, 'conditions': {'positive': ['continuant', 'voice', 'consonantal']}, 'applies': {'positive': ['approximant', 'sonorant'], 'negative': ['consonantal', 'anterior']}}, {'name': 'Rhotacism', 'description': 'Alveolar consonants become rhotics between vowels.', 'conditions': {'positive': ['anterior', 'consonantal', 'coronal'], 'negative': ['distributed', 'trill', 'approximant']}, 'before': {'positive': ['syllabic']}, 'after': {'positive': ['syllabic']}, 'applies': {'positive': ['approximant', 'trill'], 'negative': ['delayedrelease']}}, {'name': 'Lambdacism', 'description': 'Trills become [l] after vowels.', 'conditions': {'positive': ['approximant', 'trill']}, 'applies': {'positive': ['lateral'], 'negative': ['trill']}, 'before': {'positive': ['syllabic']}}, {'name': 'Gemination', 'description': 'Plosives become lengthened between vowels.', 'before': {'positive': ['syllabic']}, 'after': {'positive': ['syllabic']}, 'conditions': {'positive': ['consonantal'], 'negative': ['continuant', 'delayedrelease', 'sonorant', 'long']}, 'applies': {'positive': ['long']}}, {'name': 'Affrication', 'description': 'Plosives become affricates between vowels.', 'before': {'positive': ['syllabic']}, 'after': {'positive': ['syllabic']}, 'conditions': {'positive': ['consonantal'], 'negative': ['continuant', 'delayedrelease', 'sonorant']}, 'applies': {'positive': ['delayedrelease']}}, {'name': 'Degemination', 'description': 'Geminated consonants are shortened after vowels.', 'before': {'positive': ['syllabic']}, 'conditions': {'positive': ['long']}, 'applies': {'negative': ['long']}}, {'name': 'Vowel Nasalization', 'description': 'Vowels become nasalized after nasal consonants.', 'conditions': {'positive': ['syllabic'], 'negative': ['nasal']}, 'before': {'positive': ['nasal']}, 'applies': {'positive': ['nasal']}}, {'name': 'Lowering', 'description': 'Mid vowels are opened before low segments.', 'conditions': {'positive': ['syllabic'], 'negative': ['high', 'low']}, 'after': {'positive': ['low']}, 'applies': {'positive': ['low']}}, {'name': 'Lengthening', 'description': 'Vowels are lengthened after voiced consonants.', 'conditions': {'positive': ['syllabic'], 'negative': ['long']}, 'before': {'positive': ['voice', 'consonantal']}, 'applies': {'positive': ['long']}}, {'name': 'Voicing', 'description': 'Consonants become voiced after voiced segments.', 'before': {'positive': ['voice']}, 'conditions': {'negative': ['voice']}, 'applies': {'positive': ['voice']}}, {'name': 'Backing', 'description': 'Central vowels are backed before back segments.', 'conditions': {'positive': ['syllabic'], 'negative': ['front', 'back']}, 'after': {'positive': ['back']}, 'applies': {'positive': ['back']}}, {'name': 'Consonant Denasalization', 'description': 'Nasal consonants become plosives between vowels.', 'conditions': {'positive': ['consonantal', 'nasal']}, 'applies': {'negative': ['nasal', 'sonorant']}}, {'name': 'Spirantization', 'description': 'Voiced plosives become continuants between vowels.', 'before': {'positive': ['syllabic']}, 'after': {'positive': ['syllabic']}, 'conditions': {'positive': ['consonantal', 'voice'], 'negative': ['continuant', 'delayedrelease', 'sonorant']}, 'applies': {'positive': ['continuant', 'delayedrelease']}}]